<link href="https://gist.github.com/assets/embed-17ab34a51711628d8f5449c4663a9318.css" media="screen" rel="stylesheet" />
<div id="gist5520682" class="gist">
	<div class="gist-file">
		<div class="gist-data gist-syntax">
			<div class="file-data">
				<table cellpadding="0" cellspacing="0" class="lines highlight">
					<tr>
						<td class="line-numbers"><span class="line-number" id="file-gistfile1-txt-L1" rel="file-gistfile1-txt-L1">1</span></td>
						<td class="line-data">						<pre class="line-pre"><div class="line" id="file-gistfile1-txt-LC1">document.write('test');</div></pre></td>
					</tr>
				</table>
			</div>

		</div>

		<div class="gist-meta">
			<a href="https://gist.github.com/vincentlaucy/800d49c23e0a46d07556/raw/094a3e07ef9196894df510e6c1b7add8c3ae3c64/gistfile1.txt" style="float:right">view raw</a>
			<a href="https://gist.github.com/vincentlaucy/800d49c23e0a46d07556#file-gistfile1-txt" style="float:right; margin-right:10px; color:#666;">gistfile1.txt</a>
			<a href="https://gist.github.com/vincentlaucy/800d49c23e0a46d07556">This Gist</a> brought to you by <a href="http://github.com">GitHub</a>.
		</div>
	</div>
</div>